  0 SNES Function norm 1.058759861303e+00
    0 SNES Function norm 2.549415198016e-01
    1 SNES Function norm 6.347476225759e-16
  1 SNES Function norm 1.947014914284e-01
    0 SNES Function norm 4.091234975332e-02
    1 SNES Function norm 3.130971641030e-16
  2 SNES Function norm 5.356370816368e-02
    0 SNES Function norm 1.404597009211e-02
    1 SNES Function norm 1.665334536938e-16
  3 SNES Function norm 1.495628426259e-02
    0 SNES Function norm 4.094712376627e-03
    1 SNES Function norm 1.150538006242e-12
  4 SNES Function norm 4.131802749725e-03
    0 SNES Function norm 1.152132111482e-03
    1 SNES Function norm 7.521760991835e-15
  5 SNES Function norm 1.137883595045e-03
    0 SNES Function norm 3.188788686848e-04
    1 SNES Function norm 5.020998204743e-16
  6 SNES Function norm 3.131326525205e-04
    0 SNES Function norm 8.790037280920e-05
    1 SNES Function norm 1.309227883336e-16
  7 SNES Function norm 8.614816899678e-05
    0 SNES Function norm 2.419884442384e-05
    1 SNES Function norm 8.554842949272e-17
  8 SNES Function norm 2.369833727297e-05
    0 SNES Function norm 6.658524377751e-06
    1 SNES Function norm 1.814756238425e-16
  9 SNES Function norm 6.518855473638e-06
    0 SNES Function norm 1.831783571208e-06
    1 SNES Function norm 1.526556658860e-16
 10 SNES Function norm 1.793154395031e-06
    0 SNES Function norm 5.038910501345e-07
    1 SNES Function norm 6.209437775405e-16
 11 SNES Function norm 4.932433981664e-07
    0 SNES Function norm 1.386073649645e-07
    1 SNES Function norm 1.360377184299e-15
 12 SNES Function norm 1.356762523540e-07
    0 SNES Function norm 3.812686851322e-08
    1 SNES Function norm 1.113625980966e-23
 13 SNES Function norm 3.732037603301e-08
    0 SNES Function norm 1.048755239566e-08
    1 SNES Function norm 3.069627380142e-16
 14 SNES Function norm 1.026568749722e-08
